workflow create dependabot -r @xh3b4sd
workflow create grpcts -n 15.x.x
workflow create bar foo
